
> frontend@0.0.0 build
> vite build

[36mvite v7.3.1 [32mbuilding client environment for production...[36m[39m
transforming...
[32m✓[39m 6 modules transformed.
[31m✗[39m Build failed in 90ms
[31merror during build:
[31m[@tailwindcss/vite:generate:build] Invalid declaration: `,`[31m
file: [36mC:/Users/Chudasama Gautam/Desktop/CodePair/frontend/src/index.css[31m
    at Se (file:///C:/Users/Chudasama%20Gautam/Desktop/CodePair/frontend/node_modules/tailwindcss/dist/chunk-L5IEUH3R.mjs:1:3315)
    at vf (file:///C:/Users/Chudasama%20Gautam/Desktop/CodePair/frontend/node_modules/tailwindcss/dist/chunk-L5IEUH3R.mjs:38:1384)
    at uu (file:///C:/Users/Chudasama%20Gautam/Desktop/CodePair/frontend/node_modules/@tailwindcss/node/dist/index.mjs:10:3464)
    at B.generate (file:///C:/Users/Chudasama%20Gautam/Desktop/CodePair/frontend/node_modules/@tailwindcss/vite/dist/index.mjs:1:5055)
    at Object.handler (file:///C:/Users/Chudasama%20Gautam/Desktop/CodePair/frontend/node_modules/@tailwindcss/vite/dist/index.mjs:1:3776)
    at Object.handler (file:///C:/Users/Chudasama%20Gautam/Desktop/CodePair/frontend/node_modules/vite/dist/node/chunks/config.js:33730:13)
    at file:///C:/Users/Chudasama%20Gautam/Desktop/CodePair/frontend/node_modules/rollup/dist/es/shared/node-entry.js:22571:40[39m
